I'm sorry, but errors were detected in your script. Please correct the
errors listed below, and try again.


File "game/script.rpy", line 210: expected statement.
    mental_health -= 10
                   ^

Ren'Py Version: Ren'Py 7.4.11.2266
Sat Mar  5 15:31:41 2022
